Test batch size: 100
Loading fashion-mnist data...Done
Loading model...Done
Conv-GPU==
==PROF== Connected to process 1774701 (/u/mhuang9/ece408git/Project/m2_unroll)
==PROF== Profiling "prefn_marker_kernel()" - 0: 0%....50%....100% - 40 passes
==PROF== Profiling "matrix_unrolling_kernel" - 1: 0%....50%....100% - 40 passes
==PROF== Profiling "matrixMultiplyShared" - 2: 0%....50%....100% - 40 passes
==PROF== Profiling "matrix_permute_kernel" - 3: 0%....50%....100% - 40 passes
==PROF== Profiling "do_not_remove_this_kernel()" - 4: 0%....50%....100% - 40 passes
Layer Time: 3523.07 ms
Op Time: 3517.91 ms
Conv-GPU==
==PROF== Profiling "prefn_marker_kernel()" - 5: 0%....50%....100% - 40 passes
==PROF== Profiling "matrix_unrolling_kernel" - 6: 0%....50%....100% - 40 passes
==PROF== Profiling "matrixMultiplyShared" - 7: 0%....50%....100% - 40 passes
==PROF== Profiling "matrix_permute_kernel" - 8: 0%....50%....100% - 40 passes
==PROF== Profiling "do_not_remove_this_kernel()" - 9: 0%....50%....100% - 40 passes
Layer Time: 3545.44 ms
Op Time: 3541.63 ms

Test Accuracy: 0.86

==PROF== Disconnected from process 1774701
==PROF== Report: /u/mhuang9/ece408git/Project/analysis_file_m2_unroll.ncu-rep
