Test batch size: 10000
Loading fashion-mnist data...Done
Loading model...Done
Conv-GPU==
==PROF== Connected to process 2035750 (/u/mhuang9/ece408git/Project_op5/m3)
==PROF== Profiling "prefn_marker_kernel()" - 0: 0%....50%....100% - 40 passes
==PROF== Profiling "matmul_conv_fused_fp16" - 1: 0%
==WARNING== Launching the workload is taking more time than expected. If this continues to hang, terminate the profile and re-try by profiling the range of all related launches using '--replay-mode range'. See https://docs.nvidia.com/nsight-compute/ProfilingGuide/index.html#replay for more details.
....50%....100% - 40 passes
==PROF== Profiling "do_not_remove_this_kernel()" - 2: 0%....50%....100% - 40 passes
Layer Time: 14180.2 ms
Op Time: 13990.1 ms
Conv-GPU==
==PROF== Profiling "prefn_marker_kernel()" - 3: 0%....50%....100% - 40 passes
==PROF== Profiling "matmul_conv_fused_fp16" - 4: 0%
==WARNING== Launching the workload is taking more time than expected. If this continues to hang, terminate the profile and re-try by profiling the range of all related launches using '--replay-mode range'. See https://docs.nvidia.com/nsight-compute/ProfilingGuide/index.html#replay for more details.
....50%....100% - 40 passes
==PROF== Profiling "do_not_remove_this_kernel()" - 5: 0%....50%....100% - 40 passes
Layer Time: 17708.2 ms
Op Time: 17569.2 ms

Test Accuracy: 0.8714

==PROF== Disconnected from process 2035750
==PROF== Report: /u/mhuang9/ece408git/Project_op5/./project/m3/op_5/analysis_file.ncu-rep
