Test batch size: 10000
Loading fashion-mnist data...Done
Loading model...Done
Conv-GPU==
==PROF== Connected to process 1719281 (/u/mhuang9/ece408git/Project_req0/m3)
==PROF== Profiling "prefn_marker_kernel()" - 0: 0%....50%....100% - 40 passes
==PROF== Profiling "matrix_unrolling_kernel" - 1: 0%....50%....100% - 40 passes
==PROF== Profiling "matrixMultiplyShared" - 2: 0%....50%....100% - 40 passes
==PROF== Profiling "matrix_permute_kernel" - 3: 0%....50%....100% - 40 passes
==PROF== Profiling "matrix_unrolling_kernel" - 4: 0%....50%....100% - 40 passes
==PROF== Profiling "matrixMultiplyShared" - 5: 0%....50%....100% - 40 passes
==PROF== Profiling "matrix_permute_kernel" - 6: 0%....50%....100% - 40 passes
==PROF== Profiling "matrix_unrolling_kernel" - 7: 0%....50%....100% - 40 passes
==PROF== Profiling "matrixMultiplyShared" - 8: 0%....50%....100% - 40 passes
==PROF== Profiling "matrix_permute_kernel" - 9: 0%....50%....100% - 40 passes
==PROF== Profiling "matrix_unrolling_kernel" - 10: 0%....50%....100% - 40 passes
==PROF== Profiling "matrixMultiplyShared" - 11: 0%....50%....100% - 40 passes
==PROF== Profiling "matrix_permute_kernel" - 12: 0%....50%....100% - 40 passes
==PROF== Profiling "matrix_unrolling_kernel" - 13: 0%....50%....100% - 40 passes
==PROF== Profiling "matrixMultiplyShared" - 14: 0%....50%....100% - 40 passes
==PROF== Profiling "matrix_permute_kernel" - 15: 0%....50%....100% - 40 passes
==PROF== Profiling "matrix_unrolling_kernel" - 16: 0%....50%....100% - 40 passes
==PROF== Profiling "matrixMultiplyShared" - 17: 0%....50%....100% - 40 passes
==PROF== Profiling "matrix_permute_kernel" - 18: 0%....50%....100% - 40 passes
==PROF== Profiling "matrix_unrolling_kernel" - 19: 0%....50%....100% - 40 passes
==PROF== Profiling "matrixMultiplyShared" - 20: 0%....50%....100% - 40 passes
==PROF== Profiling "matrix_permute_kernel" - 21: 0%....50%....100% - 40 passes
==PROF== Profiling "matrix_unrolling_kernel" - 22: 0%....50%....100% - 40 passes
==PROF== Profiling "matrixMultiplyShared" - 23: 0%....50%....100% - 40 passes
==PROF== Profiling "matrix_permute_kernel" - 24: 0%....50%....100% - 40 passes
==PROF== Profiling "matrix_unrolling_kernel" - 25: 0%....50%....100% - 40 passes
==PROF== Profiling "matrixMultiplyShared" - 26: 0%....50%....100% - 40 passes
==PROF== Profiling "matrix_permute_kernel" - 27: 0%....50%....100% - 40 passes
==PROF== Profiling "matrix_unrolling_kernel" - 28: 0%....50%....100% - 40 passes
==PROF== Profiling "matrixMultiplyShared" - 29: 0%....50%....100% - 40 passes
==PROF== Profiling "matrix_permute_kernel" - 30: 0%....50%....100% - 40 passes
==PROF== Profiling "matrix_unrolling_kernel" - 31: 0%....50%....100% - 40 passes
==PROF== Profiling "matrixMultiplyShared" - 32: 0%....50%....100% - 40 passes
==PROF== Profiling "matrix_permute_kernel" - 33: 0%....50%....100% - 40 passes
==PROF== Profiling "matrix_unrolling_kernel" - 34: 0%....50%....100% - 40 passes
==PROF== Profiling "matrixMultiplyShared" - 35: 0%....50%....100% - 40 passes
==PROF== Profiling "matrix_permute_kernel" - 36: 0%....50%....100% - 40 passes
==PROF== Profiling "matrix_unrolling_kernel" - 37: 0%....50%....100% - 40 passes
==PROF== Profiling "matrixMultiplyShared" - 38: 0%....50%....100% - 40 passes
==PROF== Profiling "matrix_permute_kernel" - 39: 0%....50%....100% - 40 passes
==PROF== Profiling "matrix_unrolling_kernel" - 40: 0%....50%....100% - 40 passes
==PROF== Profiling "matrixMultiplyShared" - 41: 0%....50%....100% - 40 passes
==PROF== Profiling "matrix_permute_kernel" - 42: 0%....50%....100% - 40 passes
==PROF== Profiling "matrix_unrolling_kernel" - 43: 0%....50%....100% - 40 passes
==PROF== Profiling "matrixMultiplyShared" - 44: 0%....50%....100% - 40 passes
==PROF== Profiling "matrix_permute_kernel" - 45: 0%....50%....100% - 40 passes
==PROF== Profiling "matrix_unrolling_kernel" - 46: 0%....50%....100% - 40 passes
==PROF== Profiling "matrixMultiplyShared" - 47: 0%....50%....100% - 40 passes
==PROF== Profiling "matrix_permute_kernel" - 48: 0%....50%....100% - 40 passes
==PROF== Profiling "matrix_unrolling_kernel" - 49: 0%....50%....100% - 40 passes
==PROF== Profiling "matrixMultiplyShared" - 50: 0%....50%....100% - 40 passes
==PROF== Profiling "matrix_permute_kernel" - 51: 0%....50%....100% - 40 passes
==PROF== Profiling "matrix_unrolling_kernel" - 52: 0%....50%....100% - 40 passes
==PROF== Profiling "matrixMultiplyShared" - 53: 0%....50%....100% - 40 passes
==PROF== Profiling "matrix_permute_kernel" - 54: 0%....50%....100% - 40 passes
==PROF== Profiling "matrix_unrolling_kernel" - 55: 0%....50%....100% - 40 passes
==PROF== Profiling "matrixMultiplyShared" - 56: 0%....50%....100% - 40 passes
==PROF== Profiling "matrix_permute_kernel" - 57: 0%....50%....100% - 40 passes
==PROF== Profiling "matrix_unrolling_kernel" - 58: 0%....50%....100% - 40 passes
==PROF== Profiling "matrixMultiplyShared" - 59: 0%....50%....100% - 40 passes
==PROF== Profiling "matrix_permute_kernel" - 60: 0%....50%....100% - 40 passes
==PROF== Profiling "matrix_unrolling_kernel" - 61: 0%....50%....100% - 40 passes
==PROF== Profiling "matrixMultiplyShared" - 62: 0%....50%....100% - 40 passes
==PROF== Profiling "matrix_permute_kernel" - 63: 0%....50%....100% - 40 passes
==PROF== Profiling "matrix_unrolling_kernel" - 64: 0%....50%....100% - 40 passes
==PROF== Profiling "matrixMultiplyShared" - 65: 0%....50%....100% - 40 passes
==PROF== Profiling "matrix_permute_kernel" - 66: 0%....50%....100% - 40 passes
==PROF== Profiling "matrix_unrolling_kernel" - 67: 0%....50%....100% - 40 passes
==PROF== Profiling "matrixMultiplyShared" - 68: 0%....50%....100% - 40 passes
==PROF== Profiling "matrix_permute_kernel" - 69: 0%....50%....100% - 40 passes
==PROF== Profiling "matrix_unrolling_kernel" - 70: 0%....50%....100% - 40 passes
==PROF== Profiling "matrixMultiplyShared" - 71: 0%....50%....100% - 40 passes
==PROF== Profiling "matrix_permute_kernel" - 72: 0%....50%....100% - 40 passes
==PROF== Profiling "matrix_unrolling_kernel" - 73: 0%....50%....100% - 40 passes
==PROF== Profiling "matrixMultiplyShared" - 74: 0%....50%....100% - 40 passes
==PROF== Profiling "matrix_permute_kernel" - 75: 0%....50%....100% - 40 passes
==PROF== Profiling "matrix_unrolling_kernel" - 76: 0%....50%....100% - 40 passes
==PROF== Profiling "matrixMultiplyShared" - 77: 0%....50%....100% - 40 passes
==PROF== Profiling "matrix_permute_kernel" - 78: 0%....50%....100% - 40 passes
==PROF== Profiling "matrix_unrolling_kernel" - 79: 0%....50%....100% - 40 passes
==PROF== Profiling "matrixMultiplyShared" - 80: 0%....50%....100% - 40 passes
==PROF== Profiling "matrix_permute_kernel" - 81: 0%....50%....100% - 40 passes
==PROF== Profiling "matrix_unrolling_kernel" - 82: 0%....50%....100% - 40 passes
==PROF== Profiling "matrixMultiplyShared" - 83: 0%....50%....100% - 40 passes
==PROF== Profiling "matrix_permute_kernel" - 84: 0%....50%....100% - 40 passes
==PROF== Profiling "matrix_unrolling_kernel" - 85: 0%....50%....100% - 40 passes
==PROF== Profiling "matrixMultiplyShared" - 86: 0%....50%....100% - 40 passes
==PROF== Profiling "matrix_permute_kernel" - 87: 0%....50%....100% - 40 passes
==PROF== Profiling "matrix_unrolling_kernel" - 88: 0%....50%....100% - 40 passes
==PROF== Profiling "matrixMultiplyShared" - 89: 0%....50%....100% - 40 passes
==PROF== Profiling "matrix_permute_kernel" - 90: 0%....50%....100% - 40 passes
==PROF== Profiling "matrix_unrolling_kernel" - 91: 0%....50%....100% - 40 passes
==PROF== Profiling "matrixMultiplyShared" - 92: 0%....50%....100% - 40 passes
==PROF== Profiling "matrix_permute_kernel" - 93: 0%....50%....100% - 40 passes
==PROF== Profiling "matrix_unrolling_kernel" - 94: 0%....50%....100% - 40 passes
==PROF== Profiling "matrixMultiplyShared" - 95: 0%....50%....100% - 40 passes
==PROF== Profiling "matrix_permute_kernel" - 96: 0%....50%....100% - 40 passes
==PROF== Profiling "matrix_unrolling_kernel" - 97: 0%....50%....100% - 40 passes
==PROF== Profiling "matrixMultiplyShared" - 98: 0%....50%....100% - 40 passes
==PROF== Profiling "matrix_permute_kernel" - 99: 0%....50%....100% - 40 passes
==PROF== Profiling "matrix_unrolling_kernel" - 100: 0%....50%....100% - 40 passes
==PROF== Profiling "matrixMultiplyShared" - 101: 0%....50%....100% - 40 passes
==PROF== Profiling "matrix_permute_kernel" - 102: 0%....50%....100% - 40 passes
==PROF== Profiling "matrix_unrolling_kernel" - 103: 0%....50%....100% - 40 passes
==PROF== Profiling "matrixMultiplyShared" - 104: 0%....50%....100% - 40 passes
==PROF== Profiling "matrix_permute_kernel" - 105: 0%....50%....100% - 40 passes
==PROF== Profiling "matrix_unrolling_kernel" - 106: 0%....50%....100% - 40 passes
==PROF== Profiling "matrixMultiplyShared" - 107: 0%....50%....100% - 40 passes
==PROF== Profiling "matrix_permute_kernel" - 108: 0%....50%....100% - 40 passes
==PROF== Profiling "matrix_unrolling_kernel" - 109: 0%....50%....100% - 40 passes
==PROF== Profiling "matrixMultiplyShared" - 110: 0%....50%....100% - 40 passes
==PROF== Profiling "matrix_permute_kernel" - 111: 0%....50%....100% - 40 passes
==PROF== Profiling "matrix_unrolling_kernel" - 112: 0%....50%....100% - 40 passes
==PROF== Profiling "matrixMultiplyShared" - 113: 0%....50%....100% - 40 passes
==PROF== Profiling "matrix_permute_kernel" - 114: 0%....50%....100% - 40 passes
==PROF== Profiling "matrix_unrolling_kernel" - 115: 0%....50%....100% - 40 passes
==PROF== Profiling "matrixMultiplyShared" - 116: 0%....50%....100% - 40 passes
==PROF== Profiling "matrix_permute_kernel" - 117: 0%....50%....100% - 40 passes
==PROF== Profiling "matrix_unrolling_kernel" - 118: 0%....50%....100% - 40 passes
==PROF== Profiling "matrixMultiplyShared" - 119: 0%....50%....100% - 40 passes
==PROF== Profiling "matrix_permute_kernel" - 120: 0%....50%....100% - 40 passes
==PROF== Profiling "matrix_unrolling_kernel" - 121: 0%....50%....100% - 40 passes
==PROF== Profiling "matrixMultiplyShared" - 122: 0%....50%....100% - 40 passes
==PROF== Profiling "matrix_permute_kernel" - 123: 0%....50%....100% - 40 passes
==PROF== Profiling "matrix_unrolling_kernel" - 124: 0%....50%....100% - 40 passes
==PROF== Profiling "matrixMultiplyShared" - 125: 0%....50%....100% - 40 passes
==PROF== Profiling "matrix_permute_kernel" - 126: 0%....50%....100% - 40 passes
==PROF== Profiling "matrix_unrolling_kernel" - 127: 0%....50%....100% - 40 passes
==PROF== Profiling "matrixMultiplyShared" - 128: 0%....50%....100% - 40 passes
==PROF== Profiling "matrix_permute_kernel" - 129: 0%....50%....100% - 40 passes
==PROF== Profiling "matrix_unrolling_kernel" - 130: 0%....50%....100% - 40 passes
==PROF== Profiling "matrixMultiplyShared" - 131: 0%....50%....100% - 40 passes
==PROF== Profiling "matrix_permute_kernel" - 132: 0%....50%....100% - 40 passes
==PROF== Profiling "matrix_unrolling_kernel" - 133: 0%....50%....100% - 40 passes
==PROF== Profiling "matrixMultiplyShared" - 134: 0%....50%....100% - 40 passes
==PROF== Profiling "matrix_permute_kernel" - 135: 0%....50%....100% - 40 passes
==PROF== Profiling "matrix_unrolling_kernel" - 136: 0%....50%....100% - 40 passes
==PROF== Profiling "matrixMultiplyShared" - 137: 0%....50%....100% - 40 passes
==PROF== Profiling "matrix_permute_kernel" - 138: 0%....50%....100% - 40 passes
==PROF== Profiling "matrix_unrolling_kernel" - 139: 0%....50%....100% - 40 passes
==PROF== Profiling "matrixMultiplyShared" - 140: 0%....50%....100% - 40 passes
==PROF== Profiling "matrix_permute_kernel" - 141: 0%....50%....100% - 40 passes
==PROF== Profiling "matrix_unrolling_kernel" - 142: 0%....50%....100% - 40 passes
==PROF== Profiling "matrixMultiplyShared" - 143: 0%....50%....100% - 40 passes
==PROF== Profiling "matrix_permute_kernel" - 144: 0%....50%....100% - 40 passes
==PROF== Profiling "matrix_unrolling_kernel" - 145: 0%....50%....100% - 40 passes
==PROF== Profiling "matrixMultiplyShared" - 146: 0%....50%....100% - 40 passes
==PROF== Profiling "matrix_permute_kernel" - 147: 0%....50%....100% - 40 passes
==PROF== Profiling "matrix_unrolling_kernel" - 148: 0%....50%....100% - 40 passes
==PROF== Profiling "matrixMultiplyShared" - 149: 0%....50%....100% - 40 passes
==PROF== Profiling "matrix_permute_kernel" - 150: 0%....50%....100% - 40 passes
==PROF== Profiling "matrix_unrolling_kernel" - 151: 0%....50%....100% - 40 passes
==PROF== Profiling "matrixMultiplyShared" - 152: 0%....50%....100% - 40 passes
==PROF== Profiling "matrix_permute_kernel" - 153: 0%....50%....100% - 40 passes
==PROF== Profiling "matrix_unrolling_kernel" - 154: 0%....50%....100% - 40 passes
==PROF== Profiling "matrixMultiplyShared" - 155: 0%....50%....100% - 40 passes
==PROF== Profiling "matrix_permute_kernel" - 156: 0%....50%....100% - 40 passes
==PROF== Profiling "matrix_unrolling_kernel" - 157: 0%....50%....100% - 40 passes
==PROF== Profiling "matrixMultiplyShared" - 158: 0%....50%....100% - 40 passes
==PROF== Profiling "matrix_permute_kernel" - 159: 0%....50%....100% - 40 passes
==PROF== Profiling "matrix_unrolling_kernel" - 160: 0%....50%....100% - 40 passes
==PROF== Profiling "matrixMultiplyShared" - 161: 0%....50%....100% - 40 passes
==PROF== Profiling "matrix_permute_kernel" - 162: 0%....50%....100% - 40 passes
==PROF== Profiling "matrix_unrolling_kernel" - 163: 0%....50%....100% - 40 passes
==PROF== Profiling "matrixMultiplyShared" - 164: 0%....50%....100% - 40 passes
==PROF== Profiling "matrix_permute_kernel" - 165: 0%....50%....100% - 40 passes
==PROF== Profiling "matrix_unrolling_kernel" - 166: 0%....50%....100% - 40 passes
==PROF== Profiling "matrixMultiplyShared" - 167: 0%....50%....100% - 40 passes
==PROF== Profiling "matrix_permute_kernel" - 168: 0%....50%....100% - 40 passes
==PROF== Profiling "matrix_unrolling_kernel" - 169: 0%....50%....100% - 40 passes
==PROF== Profiling "matrixMultiplyShared" - 170: 0%....50%....100% - 40 passes
==PROF== Profiling "matrix_permute_kernel" - 171: 0%....50%....100% - 40 passes
==PROF== Profiling "matrix_unrolling_kernel" - 172: 0%....50%....100% - 40 passes
==PROF== Profiling "matrixMultiplyShared" - 173: 0%....50%....100% - 40 passes
==PROF== Profiling "matrix_permute_kernel" - 174: 0%....50%....100% - 40 passes
==PROF== Profiling "matrix_unrolling_kernel" - 175: 0%....50%....100% - 40 passes
==PROF== Profiling "matrixMultiplyShared" - 176: 0%....50%....100% - 40 passes
==PROF== Profiling "matrix_permute_kernel" - 177: 0%....50%....100% - 40 passes
==PROF== Profiling "matrix_unrolling_kernel" - 178: 0%....50%....100% - 40 passes
==PROF== Profiling "matrixMultiplyShared" - 179: 0%....50%....100% - 40 passes
==PROF== Profiling "matrix_permute_kernel" - 180: 0%....50%....100% - 40 passes
==PROF== Profiling "matrix_unrolling_kernel" - 181: 0%....50%....100% - 40 passes
==PROF== Profiling "matrixMultiplyShared" - 182: 0%....50%....100% - 40 passes
==PROF== Profiling "matrix_permute_kernel" - 183: 0%....50%....100% - 40 passes
==PROF== Profiling "matrix_unrolling_kernel" - 184: 0%....50%....100% - 40 passes
==PROF== Profiling "matrixMultiplyShared" - 185: 0%....50%....100% - 40 passes
==PROF== Profiling "matrix_permute_kernel" - 186: 0%....50%....100% - 40 passes
==PROF== Profiling "matrix_unrolling_kernel" - 187: 0%....50%....100% - 40 passes
==PROF== Profiling "matrixMultiplyShared" - 188: 0%....50%....100% - 40 passes
==PROF== Profiling "matrix_permute_kernel" - 189: 0%....50%....100% - 40 passes
==PROF== Profiling "matrix_unrolling_kernel" - 190: 0%....50%....100% - 40 passes
==PROF== Profiling "matrixMultiplyShared" - 191: 0%....50%....100% - 40 passes
==PROF== Profiling "matrix_permute_kernel" - 192: 0%....50%....100% - 40 passes
==PROF== Profiling "matrix_unrolling_kernel" - 193: 0%....50%....100% - 40 passes
==PROF== Profiling "matrixMultiplyShared" - 194: 0%....50%....100% - 40 passes
==PROF== Profiling "matrix_permute_kernel" - 195: 0%....50%....100% - 40 passes
==PROF== Profiling "matrix_unrolling_kernel" - 196: 0%....50%....100% - 40 passes
==PROF== Profiling "matrixMultiplyShared" - 197: 0%....50%....100% - 40 passes
==PROF== Profiling "matrix_permute_kernel" - 198: 0%....50%....100% - 40 passes
==PROF== Profiling "matrix_unrolling_kernel" - 199: 0%....50%....100% - 40 passes
==PROF== Profiling "matrixMultiplyShared" - 200: 0%....50%....100% - 40 passes
==PROF== Profiling "matrix_permute_kernel" - 201: 0%....50%....100% - 40 passes
==PROF== Profiling "matrix_unrolling_kernel" - 202: 0%....50%....100% - 40 passes
==PROF== Profiling "matrixMultiplyShared" - 203: 0%....50%....100% - 40 passes
==PROF== Profiling "matrix_permute_kernel" - 204: 0%....50%....100% - 40 passes
==PROF== Profiling "matrix_unrolling_kernel" - 205: 0%....50%....100% - 40 passes
==PROF== Profiling "matrixMultiplyShared" - 206: 0%....50%....100% - 40 passes
==PROF== Profiling "matrix_permute_kernel" - 207: 0%....50%....100% - 40 passes
==PROF== Profiling "matrix_unrolling_kernel" - 208: 0%....50%....100% - 40 passes
==PROF== Profiling "matrixMultiplyShared" - 209: 0%....50%....100% - 40 passes
==PROF== Profiling "matrix_permute_kernel" - 210: 0%....50%....100% - 40 passes
==PROF== Profiling "matrix_unrolling_kernel" - 211: 0%....50%....100% - 40 passes
==PROF== Profiling "matrixMultiplyShared" - 212: 0%....50%....100% - 40 passes
==PROF== Profiling "matrix_permute_kernel" - 213: 0%....50%....100% - 40 passes
==PROF== Profiling "matrix_unrolling_kernel" - 214: 0%....50%....100% - 40 passes
==PROF== Profiling "matrixMultiplyShared" - 215: 0%....50%....100% - 40 passes
==PROF== Profiling "matrix_permute_kernel" - 216: 0%....50%....100% - 40 passes
==PROF== Profiling "matrix_unrolling_kernel" - 217: 0%....50%....100% - 40 passes
==PROF== Profiling "matrixMultiplyShared" - 218: 0%....50%....100% - 40 passes
==PROF== Profiling "matrix_permute_kernel" - 219: 0%....50%....100% - 40 passes
==PROF== Profiling "matrix_unrolling_kernel" - 220: 0%....50%....100% - 40 passes
==PROF== Profiling "matrixMultiplyShared" - 221: 0%....50%....100% - 40 passes
==PROF== Profiling "matrix_permute_kernel" - 222: 0%....50%....100% - 40 passes
==PROF== Profiling "matrix_unrolling_kernel" - 223: 0%....50%....100% - 40 passes
==PROF== Profiling "matrixMultiplyShared" - 224: 0%....50%....100% - 40 passes
==PROF== Profiling "matrix_permute_kernel" - 225: 0%....50%....100% - 40 passes
==PROF== Profiling "matrix_unrolling_kernel" - 226: 0%....50%....100% - 40 passes
==PROF== Profiling "matrixMultiplyShared" - 227: 0%....50%....100% - 40 passes
==PROF== Profiling "matrix_permute_kernel" - 228: 0%....50%....100% - 40 passes
==PROF== Profiling "matrix_unrolling_kernel" - 229: 0%....50%....100% - 40 passes
==PROF== Profiling "matrixMultiplyShared" - 230: 0%....50%....100% - 40 passes
==PROF== Profiling "matrix_permute_kernel" - 231: 0%....50%....100% - 40 passes
==PROF== Profiling "matrix_unrolling_kernel" - 232: 0%....50%....100% - 40 passes
==PROF== Profiling "matrixMultiplyShared" - 233: 0%....50%....100% - 40 passes
==PROF== Profiling "matrix_permute_kernel" - 234: 0%....50%....100% - 40 passes
==PROF== Profiling "matrix_unrolling_kernel" - 235: 0%....50%....100% - 40 passes
==PROF== Profiling "matrixMultiplyShared" - 236: 0%....50%....100% - 40 passes
==PROF== Profiling "matrix_permute_kernel" - 237: 0%....50%....100% - 40 passes
==PROF== Profiling "matrix_unrolling_kernel" - 238: 0%....50%....100% - 40 passes
==PROF== Profiling "matrixMultiplyShared" - 239: 0%....50%....100% - 40 passes
==PROF== Profiling "matrix_permute_kernel" - 240: 0%....50%....100% - 40 passes
==PROF== Profiling "matrix_unrolling_kernel" - 241: 0%....50%....100% - 40 passes
==PROF== Profiling "matrixMultiplyShared" - 242: 0%....50%....100% - 40 passes
==PROF== Profiling "matrix_permute_kernel" - 243: 0%....50%....100% - 40 passes
==PROF== Profiling "matrix_unrolling_kernel" - 244: 0%....50%....100% - 40 passes
==PROF== Profiling "matrixMultiplyShared" - 245: 0%....50%....100% - 40 passes
==PROF== Profiling "matrix_permute_kernel" - 246: 0%....50%....100% - 40 passes
==PROF== Profiling "matrix_unrolling_kernel" - 247: 0%....50%....100% - 40 passes
==PROF== Profiling "matrixMultiplyShared" - 248: 0%....50%....100% - 40 passes
==PROF== Profiling "matrix_permute_kernel" - 249: 0%....50%....100% - 40 passes
==PROF== Profiling "matrix_unrolling_kernel" - 250: 0%....50%....100% - 40 passes
==PROF== Profiling "matrixMultiplyShared" - 251: 0%....50%....100% - 40 passes
==PROF== Profiling "matrix_permute_kernel" - 252: 0%....50%....100% - 40 passes
==PROF== Profiling "matrix_unrolling_kernel" - 253: 0%....50%....100% - 40 passes
==PROF== Profiling "matrixMultiplyShared" - 254: 0%....50%....100% - 40 passes
==PROF== Profiling "matrix_permute_kernel" - 255: 0%....50%....100% - 40 passes
==PROF== Profiling "matrix_unrolling_kernel" - 256: 0%....50%....100% - 40 passes
==PROF== Profiling "matrixMultiplyShared" - 257: 0%....50%....100% - 40 passes
==PROF== Profiling "matrix_permute_kernel" - 258: 0%....50%....100% - 40 passes
==PROF== Profiling "matrix_unrolling_kernel" - 259: 0%....50%....100% - 40 passes
==PROF== Profiling "matrixMultiplyShared" - 260: 0%....50%....100% - 40 passes
==PROF== Profiling "matrix_permute_kernel" - 261: 0%....50%....100% - 40 passes
==PROF== Profiling "matrix_unrolling_kernel" - 262: 0%....50%....100% - 40 passes
==PROF== Profiling "matrixMultiplyShared" - 263: 0%....50%....100% - 40 passes
==PROF== Profiling "matrix_permute_kernel" - 264: 0%....50%....100% - 40 passes
==PROF== Profiling "matrix_unrolling_kernel" - 265: 0%....50%....100% - 40 passes
==PROF== Profiling "matrixMultiplyShared" - 266: 0%....50%....100% - 40 passes
==PROF== Profiling "matrix_permute_kernel" - 267: 0%....50%....100% - 40 passes
==PROF== Profiling "matrix_unrolling_kernel" - 268: 0%....50%....100% - 40 passes
==PROF== Profiling "matrixMultiplyShared" - 269: 0%....50%....100% - 40 passes
==PROF== Profiling "matrix_permute_kernel" - 270: 0%....50%....100% - 40 passes
==PROF== Profiling "matrix_unrolling_kernel" - 271: 0%....50%....100% - 40 passes
==PROF== Profiling "matrixMultiplyShared" - 272: 0%....50%....100% - 40 passes
==PROF== Profiling "matrix_permute_kernel" - 273: 0%....50%....100% - 40 passes
==PROF== Profiling "matrix_unrolling_kernel" - 274: 0%....50%....100% - 40 passes
==PROF== Profiling "matrixMultiplyShared" - 275: 0%....50%....100% - 40 passes
==PROF== Profiling "matrix_permute_kernel" - 276: 0%....50%....100% - 40 passes
==PROF== Profiling "matrix_unrolling_kernel" - 277: 0%....50%....100% - 40 passes
==PROF== Profiling "matrixMultiplyShared" - 278: 0%....50%....100% - 40 passes
==PROF== Profiling "matrix_permute_kernel" - 279: 0%....50%....100% - 40 passes
==PROF== Profiling "matrix_unrolling_kernel" - 280: 0%....50%....100% - 40 passes
==PROF== Profiling "matrixMultiplyShared" - 281: 0%....50%....100% - 40 passes
==PROF== Profiling "matrix_permute_kernel" - 282: 0%....50%....100% - 40 passes
==PROF== Profiling "matrix_unrolling_kernel" - 283: 0%....50%....100% - 40 passes
==PROF== Profiling "matrixMultiplyShared" - 284: 0%....50%....100% - 40 passes
==PROF== Profiling "matrix_permute_kernel" - 285: 0%....50%....100% - 40 passes
==PROF== Profiling "matrix_unrolling_kernel" - 286: 0%....50%....100% - 40 passes
==PROF== Profiling "matrixMultiplyShared" - 287: 0%....50%....100% - 40 passes
==PROF== Profiling "matrix_permute_kernel" - 288: 0%....50%....100% - 40 passes
==PROF== Profiling "matrix_unrolling_kernel" - 289: 0%....50%....100% - 40 passes
==PROF== Profiling "matrixMultiplyShared" - 290: 0%....50%....100% - 40 passes
==PROF== Profiling "matrix_permute_kernel" - 291: 0%....50%....100% - 40 passes
==PROF== Profiling "matrix_unrolling_kernel" - 292: 0%....50%....100% - 40 passes
==PROF== Profiling "matrixMultiplyShared" - 293: 0%....50%....100% - 40 passes
==PROF== Profiling "matrix_permute_kernel" - 294: 0%....50%....100% - 40 passes
==PROF== Profiling "matrix_unrolling_kernel" - 295: 0%....50%....100% - 40 passes
==PROF== Profiling "matrixMultiplyShared" - 296: 0%....50%....100% - 40 passes
==PROF== Profiling "matrix_permute_kernel" - 297: 0%....50%....100% - 40 passes
==PROF== Profiling "matrix_unrolling_kernel" - 298: 0%....50%....100% - 40 passes
==PROF== Profiling "matrixMultiplyShared" - 299: 0%....50%....100% - 40 passes
==PROF== Profiling "matrix_permute_kernel" - 300: 0%....50%....100% - 40 passes
==PROF== Profiling "matrix_unrolling_kernel" - 301: 0%....50%....100% - 40 passes
==PROF== Profiling "matrixMultiplyShared" - 302: 0%....50%....100% - 40 passes
==PROF== Profiling "matrix_permute_kernel" - 303: 0%....50%....100% - 40 passes
==PROF== Profiling "matrix_unrolling_kernel" - 304: 0%....50%....100% - 40 passes
==PROF== Profiling "matrixMultiplyShared" - 305: 0%....50%....100% - 40 passes
==PROF== Profiling "matrix_permute_kernel" - 306: 0%....50%....100% - 40 passes
==PROF== Profiling "matrix_unrolling_kernel" - 307: 0%....50%....100% - 40 passes
==PROF== Profiling "matrixMultiplyShared" - 308: 0%....50%....100% - 40 passes
==PROF== Profiling "matrix_permute_kernel" - 309: 0%....50%....100% - 40 passes
==PROF== Profiling "matrix_unrolling_kernel" - 310: 0%....50%....100% - 40 passes
==PROF== Profiling "matrixMultiplyShared" - 311: 0%....50%....100% - 40 passes
==PROF== Profiling "matrix_permute_kernel" - 312: 0%....50%....100% - 40 passes
==PROF== Profiling "matrix_unrolling_kernel" - 313: 0%....50%....100% - 40 passes
==PROF== Profiling "matrixMultiplyShared" - 314: 0%....50%....100% - 40 passes
==PROF== Profiling "matrix_permute_kernel" - 315: 0%....50%....100% - 40 passes
==PROF== Profiling "matrix_unrolling_kernel" - 316: 0%....50%....100% - 40 passes
==PROF== Profiling "matrixMultiplyShared" - 317: 0%....50%....100% - 40 passes
==PROF== Profiling "matrix_permute_kernel" - 318: 0%....50%....100% - 40 passes
==PROF== Profiling "matrix_unrolling_kernel" - 319: 0%....50%....100% - 40 passes
==PROF== Profiling "matrixMultiplyShared" - 320: 0%....50%....100% - 40 passes
==PROF== Profiling "matrix_permute_kernel" - 321: 0%....50%....100% - 40 passes
==PROF== Profiling "matrix_unrolling_kernel" - 322: 0%....50%....100% - 40 passes
==PROF== Profiling "matrixMultiplyShared" - 323: 0%....50%....100% - 40 passes
==PROF== Profiling "matrix_permute_kernel" - 324: 0%....50%....100% - 40 passes
==PROF== Profiling "matrix_unrolling_kernel" - 325: 0%....50%....100% - 40 passes
==PROF== Profiling "matrixMultiplyShared" - 326: 0%....50%....100% - 40 passes
==PROF== Profiling "matrix_permute_kernel" - 327: 0%....50%....100% - 40 passes
==PROF== Profiling "matrix_unrolling_kernel" - 328: 0%....50%....100% - 40 passes
==PROF== Profiling "matrixMultiplyShared" - 329: 0%....50%....100% - 40 passes
==PROF== Profiling "matrix_permute_kernel" - 330: 0%....50%....100% - 40 passes
==PROF== Profiling "matrix_unrolling_kernel" - 331: 0%....50%....100% - 40 passes
==PROF== Profiling "matrixMultiplyShared" - 332: 0%....50%....100% - 40 passes
==PROF== Profiling "matrix_permute_kernel" - 333: 0%....50%....100% - 40 passes
==PROF== Profiling "matrix_unrolling_kernel" - 334: 0%....50%....100% - 40 passes
==PROF== Profiling "matrixMultiplyShared" - 335: 0%....50%....100% - 40 passes
==PROF== Profiling "matrix_permute_kernel" - 336: 0%....50%....100% - 40 passes
==PROF== Profiling "matrix_unrolling_kernel" - 337: 0%....50%....100% - 40 passes
==PROF== Profiling "matrixMultiplyShared" - 338: 0%....50%....100% - 40 passes
==PROF== Profiling "matrix_permute_kernel" - 339: 0%....50%....100% - 40 passes
==PROF== Profiling "matrix_unrolling_kernel" - 340: 0%....50%....100% - 40 passes
==PROF== Profiling "matrixMultiplyShared" - 341: 0%....50%....100% - 40 passes
==PROF== Profiling "matrix_permute_kernel" - 342: 0%....50%....100% - 40 passes
==PROF== Profiling "matrix_unrolling_kernel" - 343: 0%....50%....100% - 40 passes
==PROF== Profiling "matrixMultiplyShared" - 344: 0%....50%....100% - 40 passes
==PROF== Profiling "matrix_permute_kernel" - 345: 0%....50%....100% - 40 passes
==PROF== Profiling "matrix_unrolling_kernel" - 346: 0%....50%....100% - 40 passes
==PROF== Profiling "matrixMultiplyShared" - 347: 0%....50%....100% - 40 passes
==PROF== Profiling "matrix_permute_kernel" - 348: 0%....50%....100% - 40 passes
==PROF== Profiling "matrix_unrolling_kernel" - 349: 0%....50%....100% - 40 passes
==PROF== Profiling "matrixMultiplyShared" - 350: 0%....50%....100% - 40 passes
==PROF== Profiling "matrix_permute_kernel" - 351: 0%....50%....100% - 40 passes
==PROF== Profiling "matrix_unrolling_kernel" - 352: 0%....50%....100% - 40 passes
==PROF== Profiling "matrixMultiplyShared" - 353: 0%....50%....100% - 40 passes
==PROF== Profiling "matrix_permute_kernel" - 354: 0%....50%....100% - 40 passes
==PROF== Profiling "matrix_unrolling_kernel" - 355: 0%....50%....100% - 40 passes
==PROF== Profiling "matrixMultiplyShared" - 356: 0%....50%....100% - 40 passes
==PROF== Profiling "matrix_permute_kernel" - 357: 0%....50%....100% - 40 passes
==PROF== Profiling "matrix_unrolling_kernel" - 358: 0%....50%....100% - 40 passes
==PROF== Profiling "matrixMultiplyShared" - 359: 0%....50%....100% - 40 passes
==PROF== Profiling "matrix_permute_kernel" - 360: 0%....50%....100% - 40 passes
==PROF== Profiling "matrix_unrolling_kernel" - 361: 0%....50%....100% - 40 passes
==PROF== Profiling "matrixMultiplyShared" - 362: 0%....50%....100% - 40 passes
==PROF== Profiling "matrix_permute_kernel" - 363: 0%....50%....100% - 40 passes
==PROF== Profiling "matrix_unrolling_kernel" - 364: 0%....50%....100% - 40 passes
==PROF== Profiling "matrixMultiplyShared" - 365: 0%....50%....100% - 40 passes
==PROF== Profiling "matrix_permute_kernel" - 366: 0%....50%....100% - 40 passes
==PROF== Profiling "matrix_unrolling_kernel" - 367: 0%....50%....100% - 40 passes
==PROF== Profiling "matrixMultiplyShared" - 368: 0%....50%....100% - 40 passes
==PROF== Profiling "matrix_permute_kernel" - 369: 0%....50%....100% - 40 passes
==PROF== Profiling "matrix_unrolling_kernel" - 370: 0%....50%....100% - 40 passes
==PROF== Profiling "matrixMultiplyShared" - 371: 0%....50%....100% - 40 passes
==PROF== Profiling "matrix_permute_kernel" - 372: 0%....50%....100% - 40 passes
==PROF== Profiling "matrix_unrolling_kernel" - 373: 0%....50%....100% - 40 passes
==PROF== Profiling "matrixMultiplyShared" - 374: 0%....50%....100% - 40 passes
==PROF== Profiling "matrix_permute_kernel" - 375: 0%....50%....100% - 40 passes
==PROF== Profiling "matrix_unrolling_kernel" - 376: 0%....50%....100% - 40 passes
==PROF== Profiling "matrixMultiplyShared" - 377: 0%....50%....100% - 40 passes
==PROF== Profiling "matrix_permute_kernel" - 378: 0%....50%....100% - 40 passes
==PROF== Profiling "matrix_unrolling_kernel" - 379: 0%....50%....100% - 40 passes
==PROF== Profiling "matrixMultiplyShared" - 380: 0%....50%....100% - 40 passes
==PROF== Profiling "matrix_permute_kernel" - 381: 0%....50%....100% - 40 passes
==PROF== Profiling "matrix_unrolling_kernel" - 382: 0%....50%....100% - 40 passes
==PROF== Profiling "matrixMultiplyShared" - 383: 0%....50%....100% - 40 passes
==PROF== Profiling "matrix_permute_kernel" - 384: 0%....50%....100% - 40 passes
==PROF== Profiling "matrix_unrolling_kernel" - 385: 0%....50%....100% - 40 passes
==PROF== Profiling "matrixMultiplyShared" - 386: 0%....50%....100% - 40 passes
==PROF== Profiling "matrix_permute_kernel" - 387: 0%....50%....100% - 40 passes
==PROF== Profiling "matrix_unrolling_kernel" - 388: 0%....50%....100% - 40 passes
==PROF== Profiling "matrixMultiplyShared" - 389: 0%....50%....100% - 40 passes
==PROF== Profiling "matrix_permute_kernel" - 390: 0%....50%....100% - 40 passes
==PROF== Profiling "matrix_unrolling_kernel" - 391: 0%....50%....100% - 40 passes
==PROF== Profiling "matrixMultiplyShared" - 392: 0%....50%....100% - 40 passes
==PROF== Profiling "matrix_permute_kernel" - 393: 0%....50%....100% - 40 passes
==PROF== Profiling "matrix_unrolling_kernel" - 394: 0%....50%....100% - 40 passes
==PROF== Profiling "matrixMultiplyShared" - 395: 0%....50%....100% - 40 passes
==PROF== Profiling "matrix_permute_kernel" - 396: 0%....50%....100% - 40 passes
==PROF== Profiling "matrix_unrolling_kernel" - 397: 0%....50%....100% - 40 passes
==PROF== Profiling "matrixMultiplyShared" - 398: 0%....50%....100% - 40 passes
==PROF== Profiling "matrix_permute_kernel" - 399: 0%....50%....100% - 40 passes
==PROF== Profiling "matrix_unrolling_kernel" - 400: 0%....50%....100% - 40 passes
==PROF== Profiling "matrixMultiplyShared" - 401: 0%....50%....100% - 40 passes
==PROF== Profiling "matrix_permute_kernel" - 402: 0%....50%....100% - 40 passes
==PROF== Profiling "matrix_unrolling_kernel" - 403: 0%....50%....100% - 40 passes
==PROF== Profiling "matrixMultiplyShared" - 404: 0%....50%....100% - 40 passes
==PROF== Profiling "matrix_permute_kernel" - 405: 0%....50%....100% - 40 passes
==PROF== Profiling "matrix_unrolling_kernel" - 406: 0%....50%....100% - 40 passes
==PROF== Profiling "matrixMultiplyShared" - 407: 0%....50%....100% - 40 passes
==PROF== Profiling "matrix_permute_kernel" - 408: 0%....50%....100% - 40 passes
==PROF== Profiling "matrix_unrolling_kernel" - 409: 0%....50%....100% - 40 passes
==PROF== Profiling "matrixMultiplyShared" - 410: 0%....50%....100% - 40 passes
==PROF== Profiling "matrix_permute_kernel" - 411: 0%....50%....100% - 40 passes
==PROF== Profiling "matrix_unrolling_kernel" - 412: 0%....50%....100% - 40 passes
==PROF== Profiling "matrixMultiplyShared" - 413: 0%....50%....100% - 40 passes
==PROF== Profiling "matrix_permute_kernel" - 414: 0%....50%....100% - 40 passes
==PROF== Profiling "matrix_unrolling_kernel" - 415: 0%....50%....100% - 40 passes
==PROF== Profiling "matrixMultiplyShared" - 416: 0%....50%....100% - 40 passes
==PROF== Profiling "matrix_permute_kernel" - 417: 0%....50%....100% - 40 passes
==PROF== Profiling "matrix_unrolling_kernel" - 418: 0%....50%....100% - 40 passes
==PROF== Profiling "matrixMultiplyShared" - 419: 0%....50%....100% - 40 passes
==PROF== Profiling "matrix_permute_kernel" - 420: 0%....50%....100% - 40 passes
==PROF== Profiling "matrix_unrolling_kernel" - 421: 0%....50%....100% - 40 passes
==PROF== Profiling "matrixMultiplyShared" - 422: 0%....50%....100% - 40 passes
==PROF== Profiling "matrix_permute_kernel" - 423: 0%....50%....100% - 40 passes
==PROF== Profiling "matrix_unrolling_kernel" - 424: 0%....50%....100% - 40 passes
==PROF== Profiling "matrixMultiplyShared" - 425: 0%....50%....100% - 40 passes
==PROF== Profiling "matrix_permute_kernel" - 426: 0%....50%....100% - 40 passes
==PROF== Profiling "matrix_unrolling_kernel" - 427: 0%....50%....100% - 40 passes
==PROF== Profiling "matrixMultiplyShared" - 428: 0%....50%....100% - 40 passes
==PROF== Profiling "matrix_permute_kernel" - 429: 0%....50%....100% - 40 passes
==PROF== Profiling "matrix_unrolling_kernel" - 430: 0%....50%....100% - 40 passes
==PROF== Profiling "matrixMultiplyShared" - 431: 0%....50%....100% - 40 passes
==PROF== Profiling "matrix_permute_kernel" - 432: 0%....50%....100% - 40 passes
==PROF== Profiling "matrix_unrolling_kernel" - 433: 0%....50%....100% - 40 passes
==PROF== Profiling "matrixMultiplyShared" - 434: 0%....50%....100% - 40 passes
==PROF== Profiling "matrix_permute_kernel" - 435: 0%....50%....100% - 40 passes
==PROF== Profiling "matrix_unrolling_kernel" - 436: 0%....50%....100% - 40 passes
==PROF== Profiling "matrixMultiplyShared" - 437: 0%....50%....100% - 40 passes
==PROF== Profiling "matrix_permute_kernel" - 438: 0%....50%....100% - 40 passes
==PROF== Profiling "matrix_unrolling_kernel" - 439: 0%....50%....100% - 40 passes
==PROF== Profiling "matrixMultiplyShared" - 440: 0%....50%....100% - 40 passes
==PROF== Profiling "matrix_permute_kernel" - 441: 0%....50%....100% - 40 passes
==PROF== Profiling "matrix_unrolling_kernel" - 442: 0%....50%....100% - 40 passes
==PROF== Profiling "matrixMultiplyShared" - 443: 0%....50%....100% - 40 passes
==PROF== Profiling "matrix_permute_kernel" - 444: 0%....50%....100% - 40 passes
==PROF== Profiling "matrix_unrolling_kernel" - 445: 0%....50%....100% - 40 passes
==PROF== Profiling "matrixMultiplyShared" - 446: 0%....50%....100% - 40 passes
==PROF== Profiling "matrix_permute_kernel" - 447: 0%....50%....100% - 40 passes
==PROF== Profiling "matrix_unrolling_kernel" - 448: 0%....50%....100% - 40 passes
==PROF== Profiling "matrixMultiplyShared" - 449: 0%....50%....100% - 40 passes
==PROF== Profiling "matrix_permute_kernel" - 450: 0%....50%....100% - 40 passes
==PROF== Profiling "matrix_unrolling_kernel" - 451: 0%....50%....100% - 40 passes
==PROF== Profiling "matrixMultiplyShared" - 452: 0%....50%....100% - 40 passes
==PROF== Profiling "matrix_permute_kernel" - 453: 0%....50%....100% - 40 passes
==PROF== Profiling "matrix_unrolling_kernel" - 454: 0%....50%....100% - 40 passes
==PROF== Profiling "matrixMultiplyShared" - 455: 0%....50%....100% - 40 passes
==PROF== Profiling "matrix_permute_kernel" - 456: 0%....50%....100% - 40 passes
==PROF== Profiling "matrix_unrolling_kernel" - 457: 0%....50%....100% - 40 passes
==PROF== Profiling "matrixMultiplyShared" - 458: 0%....50%....100% - 40 passes
==PROF== Profiling "matrix_permute_kernel" - 459: 0%....50%....100% - 40 passes
==PROF== Profiling "matrix_unrolling_kernel" - 460: 0%....50%....100% - 40 passes
==PROF== Profiling "matrixMultiplyShared" - 461: 0%....50%....100% - 40 passes
==PROF== Profiling "matrix_permute_kernel" - 462: 0%....50%....100% - 40 passes
==PROF== Profiling "matrix_unrolling_kernel" - 463: 0%....50%....100% - 40 passes
==PROF== Profiling "matrixMultiplyShared" - 464: 0%....50%....100% - 40 passes
==PROF== Profiling "matrix_permute_kernel" - 465: 0%....50%....100% - 40 passes
==PROF== Profiling "matrix_unrolling_kernel" - 466: 0%....50%....100% - 40 passes
==PROF== Profiling "matrixMultiplyShared" - 467: 0%....50%....100% - 40 passes
==PROF== Profiling "matrix_permute_kernel" - 468: 0%....50%....100% - 40 passes
==PROF== Profiling "matrix_unrolling_kernel" - 469: 0%....50%....100% - 40 passes
==PROF== Profiling "matrixMultiplyShared" - 470: 0%....50%....100% - 40 passes
==PROF== Profiling "matrix_permute_kernel" - 471: 0%....50%....100% - 40 passes
==PROF== Profiling "matrix_unrolling_kernel" - 472: 0%....50%....100% - 40 passes
==PROF== Profiling "matrixMultiplyShared" - 473: 0%....50%....100% - 40 passes
==PROF== Profiling "matrix_permute_kernel" - 474: 0%....50%....100% - 40 passes
==PROF== Profiling "matrix_unrolling_kernel" - 475: 0%....50%....100% - 40 passes
==PROF== Profiling "matrixMultiplyShared" - 476: 0%....50%....100% - 40 passes
==PROF== Profiling "matrix_permute_kernel" - 477: 0%....50%....100% - 40 passes
==PROF== Profiling "matrix_unrolling_kernel" - 478: 0%....50%....100% - 40 passes
==PROF== Profiling "matrixMultiplyShared" - 479: 0%....50%....100% - 40 passes
==PROF== Profiling "matrix_permute_kernel" - 480: 0%....50%....100% - 40 passes
==PROF== Profiling "matrix_unrolling_kernel" - 481: 0%....50%....100% - 40 passes
==PROF== Profiling "matrixMultiplyShared" - 482: 0%....50%....100% - 40 passes
==PROF== Profiling "matrix_permute_kernel" - 483: 0%....50%....100% - 40 passes
==PROF== Profiling "matrix_unrolling_kernel" - 484: 0%....50%....100% - 40 passes
==PROF== Profiling "matrixMultiplyShared" - 485: 0%....50%....100% - 40 passes
==PROF== Profiling "matrix_permute_kernel" - 486: 0%....50%....100% - 40 passes
==PROF== Profiling "matrix_unrolling_kernel" - 487: 0%....50%....100% - 40 passes
==PROF== Profiling "matrixMultiplyShared" - 488: 0%....50%....100% - 40 passes
==PROF== Profiling "matrix_permute_kernel" - 489: 0%....50%....100% - 40 passes
==PROF== Profiling "matrix_unrolling_kernel" - 490: 0%....50%....100% - 40 passes
==PROF== Profiling "matrixMultiplyShared" - 491: 0%....50%....100% - 40 passes
==PROF== Profiling "matrix_permute_kernel" - 492: 0%....50%....100% - 40 passes
==PROF== Profiling "matrix_unrolling_kernel" - 493: 0%....50%....100% - 40 passes
==PROF== Profiling "matrixMultiplyShared" - 494: 0%....50%....100% - 40 passes
==PROF== Profiling "matrix_permute_kernel" - 495: 0%....50%....100% - 40 passes
==PROF== Profiling "matrix_unrolling_kernel" - 496: 0%....50%....100% - 40 passes
==PROF== Profiling "matrixMultiplyShared" - 497: 0%....50%....100% - 40 passes
==PROF== Profiling "matrix_permute_kernel" - 498: 0%....50%....100% - 40 passes
==PROF== Profiling "matrix_unrolling_kernel" - 499: 0%....50%....100% - 40 passes
==PROF== Profiling "matrixMultiplyShared" - 500: 0%....50%....100% - 40 passes
==PROF== Profiling "matrix_permute_kernel" - 501: 0%....50%....100% - 40 passes
==PROF== Profiling "matrix_unrolling_kernel" - 502: 0%....50%....100% - 40 passes
==PROF== Profiling "matrixMultiplyShared" - 503: 0%....50%....100% - 40 passes
==PROF== Profiling "matrix_permute_kernel" - 504: 0%....50%....100% - 40 passes
==PROF== Profiling "matrix_unrolling_kernel" - 505: 0%....50%....100% - 40 passes
==PROF== Profiling "matrixMultiplyShared" - 506: 0%....50%....100% - 40 passes
==PROF== Profiling "matrix_permute_kernel" - 507: 0%....50%....100% - 40 passes
==PROF== Profiling "matrix_unrolling_kernel" - 508: 0%....50%....100% - 40 passes
==PROF== Profiling "matrixMultiplyShared" - 509: 0%....50%....100% - 40 passes
==PROF== Profiling "matrix_permute_kernel" - 510: 0%....50%....100% - 40 passes
==PROF== Profiling "matrix_unrolling_kernel" - 511: 0%....50%....100% - 40 passes
==PROF== Profiling "matrixMultiplyShared" - 512: 0%....50%....100% - 40 passes
==PROF== Profiling "matrix_permute_kernel" - 513: 0%....50%....100% - 40 passes
==PROF== Profiling "matrix_unrolling_kernel" - 514: 0%....50%....100% - 40 passes
==PROF== Profiling "matrixMultiplyShared" - 515: 0%....50%....100% - 40 passes
==PROF== Profiling "matrix_permute_kernel" - 516: 0%....50%....100% - 40 passes
==PROF== Profiling "matrix_unrolling_kernel" - 517: 0%....50%....100% - 40 passes
==PROF== Profiling "matrixMultiplyShared" - 518: 0%....50%....100% - 40 passes
==PROF== Profiling "matrix_permute_kernel" - 519: 0%....50%....100% - 40 passes
==PROF== Profiling "matrix_unrolling_kernel" - 520: 0%....50%....100% - 40 passes
==PROF== Profiling "matrixMultiplyShared" - 521: 0%....50%....100% - 40 passes
==PROF== Profiling "matrix_permute_kernel" - 522: 0%....50%....100% - 40 passes
==PROF== Profiling "matrix_unrolling_kernel" - 523: 0%....50%....100% - 40 passes
==PROF== Profiling "matrixMultiplyShared" - 524: 0%....50%....100% - 40 passes
==PROF== Profiling "matrix_permute_kernel" - 525: 0%....50%....100% - 40 passes
==PROF== Profiling "matrix_unrolling_kernel" - 526: 0%....50%....100% - 40 passes
==PROF== Profiling "matrixMultiplyShared" - 527: 0%....50%....100% - 40 passes
==PROF== Profiling "matrix_permute_kernel" - 528: 0%....50%....100% - 40 passes
==PROF== Profiling "matrix_unrolling_kernel" - 529: 0%....50%....100% - 40 passes
==PROF== Profiling "matrixMultiplyShared" - 530: 0%....50%....100% - 40 passes
==PROF== Profiling "matrix_permute_kernel" - 531: 0%....50%....100% - 40 passes
==PROF== Profiling "matrix_unrolling_kernel" - 532: 0%....50%....100% - 40 passes
==PROF== Profiling "matrixMultiplyShared" - 533: 0%....50%....100% - 40 passes
==PROF== Profiling "matrix_permute_kernel" - 534: 0%....50%....100% - 40 passes
==PROF== Profiling "matrix_unrolling_kernel" - 535: 0%....50%....100% - 40 passes
==PROF== Profiling "matrixMultiplyShared" - 536: 0%....50%....100% - 40 passes
==PROF== Profiling "matrix_permute_kernel" - 537: 0%....50%....100% - 40 passes
==PROF== Profiling "matrix_unrolling_kernel" - 538: 0%....50%....100% - 40 passes
==PROF== Profiling "matrixMultiplyShared" - 539: 0%....50%....100% - 40 passes
==PROF== Profiling "matrix_permute_kernel" - 540: 0%....50%....100% - 40 passes
==PROF== Profiling "matrix_unrolling_kernel" - 541: 0%....50%....100% - 40 passes
==PROF== Profiling "matrixMultiplyShared" - 542: 0%....50%....100% - 40 passes
==PROF== Profiling "matrix_permute_kernel" - 543: 0%....50%....100% - 40 passes
==PROF== Profiling "matrix_unrolling_kernel" - 544: 0%....50%....100% - 40 passes
==PROF== Profiling "matrixMultiplyShared" - 545: 0%....50%....100% - 40 passes
==PROF== Profiling "matrix_permute_kernel" - 546: 0%....50%....100% - 40 passes
==PROF== Profiling "matrix_unrolling_kernel" - 547: 0%....50%....100% - 40 passes
==PROF== Profiling "matrixMultiplyShared" - 548: 0%....50%....100% - 40 passes
==PROF== Profiling "matrix_permute_kernel" - 549: 0%....50%....100% - 40 passes
==PROF== Profiling "matrix_unrolling_kernel" - 550: 0%....50%....100% - 40 passes
==PROF== Profiling "matrixMultiplyShared" - 551: 0%....50%....100% - 40 passes
==PROF== Profiling "matrix_permute_kernel" - 552: 0%....50%....100% - 40 passes
==PROF== Profiling "matrix_unrolling_kernel" - 553: 0%....50%....100% - 40 passes
==PROF== Profiling "matrixMultiplyShared" - 554: 0%....50%....100% - 40 passes
==PROF== Profiling "matrix_permute_kernel" - 555: 0%....50%....100% - 40 passes
==PROF== Profiling "matrix_unrolling_kernel" - 556: 0%....50%....100% - 40 passes
==PROF== Profiling "matrixMultiplyShared" - 557: 0%....50%....100% - 40 passes
==PROF== Profiling "matrix_permute_kernel" - 558: 0%....50%....100% - 40 passes
==PROF== Profiling "matrix_unrolling_kernel" - 559: 0%....50%....100% - 40 passes
==PROF== Profiling "matrixMultiplyShared" - 560: 0%....50%....100% - 40 passes
==PROF== Profiling "matrix_permute_kernel" - 561: 0%....50%....100% - 40 passes
==PROF== Profiling "matrix_unrolling_kernel" - 562: 0%....50%....100% - 40 passes
==PROF== Profiling "matrixMultiplyShared" - 563: 0%....50%....100% - 40 passes
==PROF== Profiling "matrix_permute_kernel" - 564: 0%....50%....100% - 40 passes
==PROF== Profiling "matrix_unrolling_kernel" - 565: 0%....50%....100% - 40 passes
==PROF== Profiling "matrixMultiplyShared" - 566: 0%....50%....100% - 40 passes
==PROF== Profiling "matrix_permute_kernel" - 567: 0%....50%....100% - 40 passes
==PROF== Profiling "matrix_unrolling_kernel" - 568: 0%....50%....100% - 40 passes
==PROF== Profiling "matrixMultiplyShared" - 569: 0%....50%....100% - 40 passes
==PROF== Profiling "matrix_permute_kernel" - 570: 0%....50%....100% - 40 passes
==PROF== Profiling "matrix_unrolling_kernel" - 571: 0%....50%....100% - 40 passes
==PROF== Profiling "matrixMultiplyShared" - 572: 0%....50%....100% - 40 passes
==PROF== Profiling "matrix_permute_kernel" - 573: 0%....50%....100% - 40 passes
==PROF== Profiling "matrix_unrolling_kernel" - 574: 0%....50%....100% - 40 passes
==PROF== Profiling "matrixMultiplyShared" - 575: 0%....50%....100% - 40 passes
==PROF== Profiling "matrix_permute_kernel" - 576: 0%....50%....100% - 40 passes
==PROF== Profiling "matrix_unrolling_kernel" - 577: 0%....50%....100% - 40 passes
==PROF== Profiling "matrixMultiplyShared" - 578: 0%....50%....100% - 40 passes
==PROF== Profiling "matrix_permute_kernel" - 579: 0%....50%....100% - 40 passes
==PROF== Profiling "matrix_unrolling_kernel" - 580: 0%....50%....100% - 40 passes
==PROF== Profiling "matrixMultiplyShared" - 581: 0%....50%....100% - 40 passes
==PROF== Profiling "matrix_permute_kernel" - 582: 0%....50%....100% - 40 passes
==PROF== Profiling "matrix_unrolling_kernel" - 583: 0%....50%....100% - 40 passes
==PROF== Profiling "matrixMultiplyShared" - 584: 0%....50%....100% - 40 passes
==PROF== Profiling "matrix_permute_kernel" - 585: 0%....50%....100% - 40 passes
==PROF== Profiling "matrix_unrolling_kernel" - 586: 0%....50%....100% - 40 passes
==PROF== Profiling "matrixMultiplyShared" - 587: 0%....50%....100% - 40 passes
==PROF== Profiling "matrix_permute_kernel" - 588: 0%....50%....100% - 40 passes
==PROF== Profiling "matrix_unrolling_kernel" - 589: 0%....50%....100% - 40 passes
==PROF== Profiling "matrixMultiplyShared" - 590: 0%....50%....100% - 40 passes
==PROF== Profiling "matrix_permute_kernel" - 591: 0%....50%....100% - 40 passes
==PROF== Profiling "matrix_unrolling_kernel" - 592: 0%....50%....100% - 40 passes
==PROF== Profiling "matrixMultiplyShared" - 593: 0%....50%....100% - 40 passes
==PROF== Profiling "matrix_permute_kernel" - 594: 0%....50%....100% - 40 passes
==PROF== Profiling "matrix_unrolling_kernel" - 595: 0%....50%....100% - 40 passes
==PROF== Profiling "matrixMultiplyShared" - 596: 0%....50%....100% - 40 passes
==PROF== Profiling "matrix_permute_kernel" - 597: 0%....50%....100% - 40 passes
==PROF== Profiling "matrix_unrolling_kernel" - 598: 0%....50%....100% - 40 passes
==PROF== Profiling "matrixMultiplyShared" - 599: 0%....50%....100% - 40 passes
==PROF== Profiling "matrix_permute_kernel" - 600: 0%....50%....100% - 40 passes
==PROF== Profiling "matrix_unrolling_kernel" - 601: 0%....50%....100% - 40 passes
==PROF== Profiling "matrixMultiplyShared" - 602: 0%....50%....100% - 40 passes
==PROF== Profiling "matrix_permute_kernel" - 603: 0%....50%....100% - 40 passes
==PROF== Profiling "matrix_unrolling_kernel" - 604: 0%....50%....100% - 40 passes
==PROF== Profiling "matrixMultiplyShared" - 605: 0%....50%....100% - 40 passes
==PROF== Profiling "matrix_permute_kernel" - 606: 0%....50%....100% - 40 passes
==PROF== Profiling "matrix_unrolling_kernel" - 607: 0%....50%....100% - 40 passes
==PROF== Profiling "matrixMultiplyShared" - 608: 0%....50%....100% - 40 passes
==PROF== Profiling "matrix_permute_kernel" - 609: 0%....50%....100% - 40 passes
==PROF== Profiling "matrix_unrolling_kernel" - 610: 0%....50%....100% - 40 passes
==PROF== Profiling "matrixMultiplyShared" - 611: 0%....50%....100% - 40 passes
==PROF== Profiling "matrix_permute_kernel" - 612: 0%....50%....100% - 40 passes
==PROF== Profiling "matrix_unrolling_kernel" - 613: 0%....50%....100% - 40 passes
==PROF== Profiling "matrixMultiplyShared" - 614: 0%....50%....100% - 40 passes
==PROF== Profiling "matrix_permute_kernel" - 615: 0%....50%....100% - 40 passes
==PROF== Profiling "matrix_unrolling_kernel" - 616: 0%....50%....100% - 40 passes
==PROF== Profiling "matrixMultiplyShared" - 617: 0%....50%....100% - 40 passes
==PROF== Profiling "matrix_permute_kernel" - 618: 0%....50%....100% - 40 passes
==PROF== Profiling "matrix_unrolling_kernel" - 619: 0%....50%....100% - 40 passes
==PROF== Profiling "matrixMultiplyShared" - 620: 0%....50%....100% - 40 passes
==PROF== Profiling "matrix_permute_kernel" - 621: 0%....50%....100% - 40 passes
==PROF== Profiling "matrix_unrolling_kernel" - 622: 0%....50%....100% - 40 passes
==PROF== Profiling "matrixMultiplyShared" - 623: 0%....50%....100% - 40 passes
==PROF== Profiling "matrix_permute_kernel" - 624: 0%....50%....100% - 40 passes
==PROF== Profiling "matrix_unrolling_kernel" - 625: 0%....50%....100% - 40 passes
==PROF== Profiling "matrixMultiplyShared" - 626: 0%....50%....100% - 40 passes
==PROF== Profiling "matrix_permute_kernel" - 627: 0%....50%....100% - 40 passes
==PROF== Profiling "matrix_unrolling_kernel" - 628: 0%....50%....100% - 40 passes
==PROF== Profiling "matrixMultiplyShared" - 629: 0%....50%....100% - 40 passes
==PROF== Profiling "matrix_permute_kernel" - 630: 0%....50%....100% - 40 passes
==PROF== Profiling "matrix_unrolling_kernel" - 631: 0%....50%....100% - 40 passes
==PROF== Profiling "matrixMultiplyShared" - 632: 0%....50%....100% - 40 passes
==PROF== Profiling "matrix_permute_kernel" - 633: 0%....50%....100% - 40 passes
==PROF== Profiling "matrix_unrolling_kernel" - 634: 0%....50%....100% - 40 passes
==PROF== Profiling "matrixMultiplyShared" - 635: 0%....50%....100% - 40 passes
==PROF== Profiling "matrix_permute_kernel" - 636: 0%....50%....100% - 40 passes
==PROF== Profiling "matrix_unrolling_kernel" - 637: 0%....50%....100% - 40 passes
==PROF== Profiling "matrixMultiplyShared" - 638: 0%....50%....100% - 40 passes
==PROF== Profiling "matrix_permute_kernel" - 639: 0%....50%....100% - 40 passes
==PROF== Profiling "matrix_unrolling_kernel" - 640: 0%....50%....100% - 40 passes
==PROF== Profiling "matrixMultiplyShared" - 641: 0%....50%....100% - 40 passes
==PROF== Profiling "matrix_permute_kernel" - 642: 0%....50%....100% - 40 passes
==PROF== Profiling "matrix_unrolling_kernel" - 643: 0%....50%....100% - 40 passes
==PROF== Profiling "matrixMultiplyShared" - 644: 0%....50%....100% - 40 passes
==PROF== Profiling "matrix_permute_kernel" - 645: 0%....50%....100% - 40 passes
==PROF== Profiling "matrix_unrolling_kernel" - 646: 0%....50%....100% - 40 passes
==PROF== Profiling "matrixMultiplyShared" - 647: 0%....50%....100% - 40 passes
==PROF== Profiling "matrix_permute_kernel" - 648: 0%....50%....100% - 40 passes
==PROF== Profiling "matrix_unrolling_kernel" - 649: 0%....50%....100% - 40 passes
==PROF== Profiling "matrixMultiplyShared" - 650: 0%....50%....100% - 40 passes
==PROF== Profiling "matrix_permute_kernel" - 651: 0%....50%....100% - 40 passes
==PROF== Profiling "matrix_unrolling_kernel" - 652: 0%....50%....100% - 40 passes
==PROF== Profiling "matrixMultiplyShared" - 653: 0%....50%....100% - 40 passes
==PROF== Profiling "matrix_permute_kernel" - 654: 0%....50%....100% - 40 passes
==PROF== Profiling "matrix_unrolling_kernel" - 655: 0%....50%....100% - 40 passes
==PROF== Profiling "matrixMultiplyShared" - 656: 0%....50%....100% - 40 passes
==PROF== Profiling "matrix_permute_kernel" - 657: 0%....50%....100% - 40 passes
==PROF== Profiling "matrix_unrolling_kernel" - 658: 0%....50%....100% - 40 passes
==PROF== Profiling "matrixMultiplyShared" - 659: 0%....50%....100% - 40 passes
==PROF== Profiling "matrix_permute_kernel" - 660: 0%....50%....100% - 40 passes
==PROF== Profiling "matrix_unrolling_kernel" - 661: 0%....50%....100% - 40 passes
==PROF== Profiling "matrixMultiplyShared" - 662: 0%....50%....100% - 40 passes
==PROF== Profiling "matrix_permute_kernel" - 663: 0%....50%....100% - 40 passes
==PROF== Profiling "matrix_unrolling_kernel" - 664: 0%....50%....100% - 40 passes
==PROF== Profiling "matrixMultiplyShared" - 665: 0%....50%....100% - 40 passes
==PROF== Profiling "matrix_permute_kernel" - 666: 0%....50%....100% - 40 passes
==PROF== Profiling "matrix_unrolling_kernel" - 667: 0%....50%....100% - 40 passes
==PROF== Profiling "matrixMultiplyShared" - 668: 0%....50%....100% - 40 passes
==PROF== Profiling "matrix_permute_kernel" - 669: 0%....50%....100% - 40 passes
==PROF== Profiling "matrix_unrolling_kernel" - 670: 0%....50%....100% - 40 passes
==PROF== Profiling "matrixMultiplyShared" - 671: 0%....50%....100% - 40 passes
==PROF== Profiling "matrix_permute_kernel" - 672: 0%....50%....100% - 40 passes
==PROF== Profiling "matrix_unrolling_kernel" - 673: 0%....50%....100% - 40 passes
==PROF== Profiling "matrixMultiplyShared" - 674: 0%....50%....100% - 40 passes
==PROF== Profiling "matrix_permute_kernel" - 675: 0%....50%....100% - 40 passes
==PROF== Profiling "matrix_unrolling_kernel" - 676: 0%....50%....100% - 40 passes
==PROF== Profiling "matrixMultiplyShared" - 677: 0%....50%....100% - 40 passes
==PROF== Profiling "matrix_permute_kernel" - 678: 0%....50%....100% - 40 passes
==PROF== Profiling "matrix_unrolling_kernel" - 679: 0%....50%....100% - 40 passes
==PROF== Profiling "matrixMultiplyShared" - 680: 0%....50%....100% - 40 passes
==PROF== Profiling "matrix_permute_kernel" - 681: 0%....50%....100% - 40 passes
==PROF== Profiling "matrix_unrolling_kernel" - 682: 0%....50%....100% - 40 passes
==PROF== Profiling "matrixMultiplyShared" - 683: 0%....50%....100% - 40 passes
==PROF== Profiling "matrix_permute_kernel" - 684: 0%....50%....100% - 40 passes
==PROF== Profiling "matrix_unrolling_kernel" - 685: 0%....50%....100% - 40 passes
==PROF== Profiling "matrixMultiplyShared" - 686: 0%....50%....100% - 40 passes
==PROF== Profiling "matrix_permute_kernel" - 687: 0%....50%....100% - 40 passes
==PROF== Profiling "matrix_unrolling_kernel" - 688: 0%....50%....100% - 40 passes
==PROF== Profiling "matrixMultiplyShared" - 689: 0%....50%....100% - 40 passes
==PROF== Profiling "matrix_permute_kernel" - 690: 0%....50%....100% - 40 passes
==PROF== Profiling "matrix_unrolling_kernel" - 691: 0%....50%....100% - 40 passes
==PROF== Profiling "matrixMultiplyShared" - 692: 0%....50%....100% - 40 passes
==PROF== Profiling "matrix_permute_kernel" - 693: 0%....50%....100% - 40 passes
==PROF== Profiling "matrix_unrolling_kernel" - 694: 0%....50%....100% - 40 passes
==PROF== Profiling "matrixMultiplyShared" - 695: 0%....50%....100% - 40 passes
==PROF== Profiling "matrix_permute_kernel" - 696: 0%....50%....100% - 40 passes
==PROF== Profiling "matrix_unrolling_kernel" - 697: 0%....50%....100% - 40 passes
==PROF== Profiling "matrixMultiplyShared" - 698: 0%....50%....100% - 40 passes
==PROF== Profiling "matrix_permute_kernel" - 699: 0%....50%....100% - 40 passes
==PROF== Profiling "matrix_unrolling_kernel" - 700: 0%....50%....100% - 40 passes
==PROF== Profiling "matrixMultiplyShared" - 701: 0%....50%....100% - 40 passes
==PROF== Profiling "matrix_permute_kernel" - 702: 0%....50%....100% - 40 passes
==PROF== Profiling "matrix_unrolling_kernel" - 703: 0%....50%....100% - 40 passes
==PROF== Profiling "matrixMultiplyShared" - 704: 0%....50%....100% - 40 passes
==PROF== Profiling "matrix_permute_kernel" - 705: 0%....50%....100% - 40 passes
==PROF== Profiling "matrix_unrolling_kernel" - 706: 0%....50%....100% - 40 passes
==PROF== Profiling "matrixMultiplyShared" - 707: 0%....50%....100% - 40 passes
==PROF== Profiling "matrix_permute_kernel" - 708: 0%....50%....100% - 40 passes
==PROF== Profiling "matrix_unrolling_kernel" - 709: 0%....50%....100% - 40 passes
==PROF== Profiling "matrixMultiplyShared" - 710: 0%....50%....100% - 40 passes
==PROF== Profiling "matrix_permute_kernel" - 711: 0%....50%....100% - 40 passes
==PROF== Profiling "matrix_unrolling_kernel" - 712: 0%....50%....100% - 40 passes
==PROF== Profiling "matrixMultiplyShared" - 713: 0%....50%....100% - 40 passes
==PROF== Profiling "matrix_permute_kernel" - 714: 0%....50%....100% - 40 passes
==PROF== Profiling "matrix_unrolling_kernel" - 715: 0%....50%....100% - 40 passes
==PROF== Profiling "matrixMultiplyShared" - 716: 0%....50%....100% - 40 passes
==PROF== Profiling "matrix_permute_kernel" - 717: 0%....50%....100% - 40 passes
==PROF== Profiling "matrix_unrolling_kernel" - 718: 0%....50%....100% - 40 passes
==PROF== Profiling "matrixMultiplyShared" - 719: 0%....50%....100% - 40 passes
==PROF== Profiling "matrix_permute_kernel" - 720: 0%....50%....100% - 40 passes
==PROF== Profiling "matrix_unrolling_kernel" - 721: 0%....50%....100% - 40 passes
==PROF== Profiling "matrixMultiplyShared" - 722: 0%....50%....100% - 40 passes
==PROF== Profiling "matrix_permute_kernel" - 723: 0%....50%....100% - 40 passes
==PROF== Profiling "matrix_unrolling_kernel" - 724: 0%....50%....100% - 40 passes
==PROF== Profiling "matrixMultiplyShared" - 725: 0%....50%....100% - 40 passes
==PROF== Profiling "matrix_permute_kernel" - 726: 0%....50%....100% - 40 passes
==PROF== Profiling "matrix_unrolling_kernel" - 727: 0%....50%....100% - 40 passes
==PROF== Profiling "matrixMultiplyShared" - 728: 0%....50%....100% - 40 passes
==PROF== Profiling "matrix_permute_kernel" - 729: 0%....50%....100% - 40 passes
==PROF== Profiling "matrix_unrolling_kernel" - 730: 0%....50%....100% - 40 passes
==PROF== Profiling "matrixMultiplyShared" - 731: 0%....50%....100% - 40 passes
==PROF== Profiling "matrix_permute_kernel" - 732: 0%....50%....100% - 40 passes
==PROF== Profiling "matrix_unrolling_kernel" - 733: 0%....50%....100% - 40 passes
==PROF== Profiling "matrixMultiplyShared" - 734: 0%....50%....100% - 40 passes
==PROF== Profiling "matrix_permute_kernel" - 735: 0%....50%....100% - 40 passes
==PROF== Profiling "matrix_unrolling_kernel" - 736: 0%....50%....100% - 40 passes
==PROF== Profiling "matrixMultiplyShared" - 737: 0%....50%....100% - 40 passes
==PROF== Profiling "matrix_permute_kernel" - 738: 0%....50%....100% - 40 passes
==PROF== Profiling "matrix_unrolling_kernel" - 739: 0%....50%....100% - 40 passes
==PROF== Profiling "matrixMultiplyShared" - 740: 0%....50%....100% - 40 passes
==PROF== Profiling "matrix_permute_kernel" - 741: 0%....50%....100% - 40 passes
==PROF== Profiling "matrix_unrolling_kernel" - 742: 0%....50%....100% - 40 passes
==PROF== Profiling "matrixMultiplyShared" - 743: 0%....50%....100% - 40 passes
==PROF== Profiling "matrix_permute_kernel" - 744: 0%....50%....100% - 40 passes
==PROF== Profiling "matrix_unrolling_kernel" - 745: 0%....50%....100% - 40 passes
==PROF== Profiling "matrixMultiplyShared" - 746: 0%....50%....100% - 40 passes
==PROF== Profiling "matrix_permute_kernel" - 747: 0%....50%....100% - 40 passes
==PROF== Profiling "matrix_unrolling_kernel" - 748: 0%....50%....100% - 40 passes
==PROF== Profiling "matrixMultiplyShared" - 749: 0%....50%....100% - 40 passes
==PROF== Profiling "matrix_permute_kernel" - 750: 0%....50%....100% - 40 passes
==PROF== Profiling "matrix_unrolling_kernel" - 751: 0%....50%....100% - 40 passes
==PROF== Profiling "matrixMultiplyShared" - 752: 0%....50%....100% - 40 passes
==PROF== Profiling "matrix_permute_kernel" - 753: 0%....50%....100% - 40 passes
==PROF== Profiling "matrix_unrolling_kernel" - 754: 0%....50%....100% - 40 passes
==PROF== Profiling "matrixMultiplyShared" - 755: 0%....50%....100% - 40 passes
==PROF== Profiling "matrix_permute_kernel" - 756: 0%....50%....100% - 40 passes
==PROF== Profiling "matrix_unrolling_kernel" - 757: 0%....50%....100% - 40 passes
==PROF== Profiling "matrixMultiplyShared" - 758: 0%....50%....100% - 40 passes
==PROF== Profiling "matrix_permute_kernel" - 759: 0%....50%....100% - 40 passes
==PROF== Profiling "matrix_unrolling_kernel" - 760: 0%....50%....100% - 40 passes
==PROF== Profiling "matrixMultiplyShared" - 761: 0%....50%....100% - 40 passes
==PROF== Profiling "matrix_permute_kernel" - 762: 0%....50%....100% - 40 passes
==PROF== Profiling "matrix_unrolling_kernel" - 763: 0%....50%....100% - 40 passes
==PROF== Profiling "matrixMultiplyShared" - 764: 0%....50%....100% - 40 passes
==PROF== Profiling "matrix_permute_kernel" - 765: 0%....50%....100% - 40 passes
==PROF== Profiling "matrix_unrolling_kernel" - 766: 0%....50%....100% - 40 passes
==PROF== Profiling "matrixMultiplyShared" - 767: 0%....50%....100% - 40 passes
==PROF== Profiling "matrix_permute_kernel" - 768: 0%....50%....100% - 40 passes
==PROF== Profiling "matrix_unrolling_kernel" - 769: 0%....50%....100% - 40 passes
==PROF== Profiling "matrixMultiplyShared" - 770: 0%....50%....100% - 40 passes
==PROF== Profiling "matrix_permute_kernel" - 771: 0%....50%....100% - 40 passes
==PROF== Profiling "matrix_unrolling_kernel" - 772: 0%....50%....100% - 40 passes
==PROF== Profiling "matrixMultiplyShared" - 773: 0%....50%....100% - 40 passes
==PROF== Profiling "matrix_permute_kernel" - 774: 0%....50%....100% - 40 passes
==PROF== Profiling "matrix_unrolling_kernel" - 775: 0%....50%....100% - 40 passes
==PROF== Profiling "matrixMultiplyShared" - 776: 0%....50%....100% - 40 passes
==PROF== Profiling "matrix_permute_kernel" - 777: 0%....50%....100% - 40 passes
==PROF== Profiling "matrix_unrolling_kernel" - 778: 0%....50%....100% - 40 passes
==PROF== Profiling "matrixMultiplyShared" - 779: 0%....50%....100% - 40 passes
==PROF== Profiling "matrix_permute_kernel" - 780: 0%....50%....100% - 40 passes
==PROF== Profiling "matrix_unrolling_kernel" - 781: 0%....50%....100% - 40 passes
==PROF== Profiling "matrixMultiplyShared" - 782: 0%....50%....100% - 40 passes
==PROF== Profiling "matrix_permute_kernel" - 783: 0%....50%....100% - 40 passes
==PROF== Profiling "matrix_unrolling_kernel" - 784: 0%....50%....100% - 40 passes
==PROF== Profiling "matrixMultiplyShared" - 785: 0%....50%....100% - 40 passes
==PROF== Profiling "matrix_permute_kernel" - 786: 0%....50%....100% - 40 passes
==PROF== Profiling "matrix_unrolling_kernel" - 787: 0%....50%....100% - 40 passes
==PROF== Profiling "matrixMultiplyShared" - 788: 0%....50%....100% - 40 passes
==PROF== Profiling "matrix_permute_kernel" - 789: 0%....50%....100% - 40 passes
==PROF== Profiling "matrix_unrolling_kernel" - 790: 0%....50%....100% - 40 passes
==PROF== Profiling "matrixMultiplyShared" - 791: 0%....50%....100% - 40 passes
==PROF== Profiling "matrix_permute_kernel" - 792: 0%....50%....100% - 40 passes
==PROF== Profiling "matrix_unrolling_kernel" - 793: 0%....50%....100% - 40 passes
==PROF== Profiling "matrixMultiplyShared" - 794: 0%....50%....100% - 40 passes
==PROF== Profiling "matrix_permute_kernel" - 795: 0%....50%....100% - 40 passes
==PROF== Profiling "matrix_unrolling_kernel" - 796: 0%....50%....100% - 40 passes
==PROF== Profiling "matrixMultiplyShared" - 797: 0%....50%....100% - 40 passes
==PROF== Profiling "matrix_permute_kernel" - 798: 0%....50%....100% - 40 passes
==PROF== Profiling "matrix_unrolling_kernel" - 799: 0%....50%....100% - 40 passes
==PROF== Profiling "matrixMultiplyShared" - 800: 0%....50%....100% - 40 passes
==PROF== Profiling "matrix_permute_kernel" - 801: 0%....50%....100% - 40 passes
==PROF== Profiling "matrix_unrolling_kernel" - 802: 0%....50%....100% - 40 passes
==PROF== Profiling "matrixMultiplyShared" - 803: 0%....50%....100% - 40 passes
==PROF== Profiling "matrix_permute_kernel" - 804: 0%....50%....100% - 39 passes
==PROF== Profiling "matrix_unrolling_kernel" - 805: 0%....50%....100% - 40 passes
==PROF== Profiling "matrixMultiplyShared" - 806: 0%....50%....100% - 40 passes
==PROF== Profiling "matrix_permute_kernel" - 807: 0%....50%....100% - 40 passes
==PROF== Profiling "matrix_unrolling_kernel" - 808: 0%....50%....100% - 40 passes
==PROF== Profiling "matrixMultiplyShared" - 809: 0%....50%....100% - 40 passes
==PROF== Profiling "matrix_permute_kernel" - 810: 0%....50%....100% - 40 passes
==PROF== Profiling "matrix_unrolling_kernel" - 811: 0%....50%....100% - 40 passes
==PROF== Profiling "matrixMultiplyShared" - 812: 0%....50%....100% - 40 passes
==PROF== Profiling "matrix_permute_kernel" - 813: 0%....50%....100% - 40 passes
==PROF== Profiling "matrix_unrolling_kernel" - 814: 0%....50%....100% - 40 passes
==PROF== Profiling "matrixMultiplyShared" - 815: 0%....50%....100% - 40 passes
==PROF== Profiling "matrix_permute_kernel" - 816: 0%....50%....100% - 40 passes
==PROF== Profiling "matrix_unrolling_kernel" - 817: 0%....50%....100% - 40 passes
==PROF== Profiling "matrixMultiplyShared" - 818: 0%....50%....100% - 40 passes
==PROF== Profiling "matrix_permute_kernel" - 819: 0%....50%....100% - 40 passes
==PROF== Profiling "matrix_unrolling_kernel" - 820: 0%....50%....100% - 40 passes
==PROF== Profiling "matrixMultiplyShared" - 821: 0%....50%....100% - 40 passes
==PROF== Profiling "matrix_permute_kernel" - 822: 0%....50%....100% - 40 passes
==PROF== Profiling "matrix_unrolling_kernel" - 823: 0%....50%....100% - 40 passes
==PROF== Profiling "matrixMultiplyShared" - 824: 0%....50%....100% - 40 passes
==PROF== Profiling "matrix_permute_kernel" - 825: 0%....50%....100% - 40 passes
==PROF== Profiling "matrix_unrolling_kernel" - 826: 0%....50%....100% - 40 passes
==PROF== Profiling "matrixMultiplyShared" - 827: 0%....50%....100% - 40 passes
==PROF== Profiling "matrix_permute_kernel" - 828: 0%....50%....100% - 40 passes
==PROF== Profiling "matrix_unrolling_kernel" - 829: 0%....50%....100% - 40 passes
==PROF== Profiling "matrixMultiplyShared" - 830: 0%....50%....100% - 40 passes
==PROF== Profiling "matrix_permute_kernel" - 831: 0%....50%....100% - 40 passes
==PROF== Profiling "matrix_unrolling_kernel" - 832: 0%....50%....100% - 40 passes
==PROF== Profiling "matrixMultiplyShared" - 833: 0%....50%....100% - 40 passes
==PROF== Profiling "matrix_permute_kernel" - 834: 0%....50%....100% - 40 passes
==PROF== Profiling "matrix_unrolling_kernel" - 835: 0%....50%....100% - 40 passes
==PROF== Profiling "matrixMultiplyShared" - 836: 0%....50%....100% - 40 passes
==PROF== Profiling "matrix_permute_kernel" - 837: 0%....50%....100% - 40 passes
==PROF== Profiling "matrix_unrolling_kernel" - 838: 0%....50%....100% - 40 passes
==PROF== Profiling "matrixMultiplyShared" - 839: 0%....50%....100% - 40 passes
==PROF== Profiling "matrix_permute_kernel" - 840: 0%....50%....100% - 40 passes
==PROF== Profiling "matrix_unrolling_kernel" - 841: 0%....50%....100% - 40 passes
==PROF== Profiling "matrixMultiplyShared" - 842: 0%....50%....100% - 40 passes
==PROF== Profiling "matrix_permute_kernel" - 843: 0%....50%....100% - 40 passes
==PROF== Profiling "matrix_unrolling_kernel" - 844: 0%....50%....100% - 40 passes
==PROF== Profiling "matrixMultiplyShared" - 845: 0%....50%....100% - 40 passes
==PROF== Profiling "matrix_permute_kernel" - 846: 0%....50%....100% - 40 passes
==PROF== Profiling "matrix_unrolling_kernel" - 847: 0%....50%....100% - 40 passes
==PROF== Profiling "matrixMultiplyShared" - 848: 0%....50%....100% - 40 passes
==PROF== Profiling "matrix_permute_kernel" - 849: 0%....50%....100% - 40 passes
==PROF== Profiling "matrix_unrolling_kernel" - 850: 0%....50%....100% - 40 passes
==PROF== Profiling "matrixMultiplyShared" - 851: 0%....50%....100% - 40 passes
==PROF== Profiling "matrix_permute_kernel" - 852: 0%....50%....100% - 40 passes
==PROF== Profiling "matrix_unrolling_kernel" - 853: 0%....50%....100% - 40 passes
==PROF== Profiling "matrixMultiplyShared" - 854: 0%....50%....100% - 40 passes
==PROF== Profiling "matrix_permute_kernel" - 855: 0%....50%....100% - 40 passes
==PROF== Profiling "matrix_unrolling_kernel" - 856: 0%....50%....100% - 40 passes
==PROF== Profiling "matrixMultiplyShared" - 857: 0%....50%....100% - 40 passes
==PROF== Profiling "matrix_permute_kernel" - 858: 0%....50%....100% - 40 passes
==PROF== Profiling "matrix_unrolling_kernel" - 859: 0%....50%....100% - 40 passes
==PROF== Profiling "matrixMultiplyShared" - 860: 0%....50%....100% - 40 passes
==PROF== Profiling "matrix_permute_kernel" - 861: 0%....50%....100% - 40 passes
==PROF== Profiling "matrix_unrolling_kernel" - 862: 0%....50%....100% - 40 passes
==PROF== Profiling "matrixMultiplyShared" - 863: 0%....50%....100% - 40 passes
==PROF== Profiling "matrix_permute_kernel" - 864: 0%....50%....100% - 40 passes
==PROF== Profiling "matrix_unrolling_kernel" - 865: 0%....50%....100% - 40 passes
==PROF== Profiling "matrixMultiplyShared" - 866: 0%....50%....100% - 40 passes
==PROF== Profiling "matrix_permute_kernel" - 867: 0%....50%....100% - 40 passes
==PROF== Profiling "matrix_unrolling_kernel" - 868: 0%....50%....100% - 40 passes
==PROF== Profiling "matrixMultiplyShared" - 869: 0%....50%....100% - 40 passes
==PROF== Profiling "matrix_permute_kernel" - 870: 0%....50%....100% - 40 passes
==PROF== Profiling "matrix_unrolling_kernel" - 871: 0%....50%....100% - 40 passes
==PROF== Profiling "matrixMultiplyShared" - 872: 0%....50%....100% - 40 passes
==PROF== Profiling "matrix_permute_kernel" - 873: 0%....50%....100% - 40 passes
==PROF== Profiling "matrix_unrolling_kernel" - 874: 0%....50%....100% - 40 passes
==PROF== Profiling "matrixMultiplyShared" - 875: 0%....50%....100% - 40 passes
==PROF== Profiling "matrix_permute_kernel" - 876: 0%....50%....100% - 40 passes
==PROF== Profiling "matrix_unrolling_kernel" - 877: 0%....50%....100% - 40 passes
==PROF== Profiling "matrixMultiplyShared" - 878: 0%....50%....100% - 40 passes
==PROF== Profiling "matrix_permute_kernel" - 879: 0%....50%....100% - 40 passes
==PROF== Profiling "matrix_unrolling_kernel" - 880: 0%....50%....100% - 40 passes
==PROF== Profiling "matrixMultiplyShared" - 881: 0%....50%....100% - 40 passes
==PROF== Profiling "matrix_permute_kernel" - 882: 0%....50%....100% - 40 passes
==PROF== Profiling "matrix_unrolling_kernel" - 883: 0%....50%....100% - 40 passes
==PROF== Profiling "matrixMultiplyShared" - 884: 0%....50%....100% - 40 passes
==PROF== Profiling "matrix_permute_kernel" - 885: 0%....50%....100% - 40 passes
==PROF== Profiling "matrix_unrolling_kernel" - 886: 0%....50%....100% - 40 passes
==PROF== Profiling "matrixMultiplyShared" - 887: 0%....50%....100% - 40 passes
==PROF== Profiling "matrix_permute_kernel" - 888: 0%....50%....100% - 40 passes
==PROF== Profiling "matrix_unrolling_kernel" - 889: 0%....50%....100% - 40 passes
==PROF== Profiling "matrixMultiplyShared" - 890: 0%....50%....100% - 40 passes
==PROF== Profiling "matrix_permute_kernel" - 891: 0%....50%....100% - 40 passes
==PROF== Profiling "matrix_unrolling_kernel" - 892: 0%....50%....100% - 40 passes
==PROF== Profiling "matrixMultiplyShared" - 893: 0%....50%....100% - 40 passes
==PROF== Profiling "matrix_permute_kernel" - 894: 0%....50%....100% - 40 passes
==PROF== Profiling "matrix_unrolling_kernel" - 895: 0%....50%....100% - 40 passes
==PROF== Profiling "matrixMultiplyShared" - 896: 0%....50%....100% - 40 passes
==PROF== Profiling "matrix_permute_kernel" - 897: 0%....50%....100% - 40 passes
==PROF== Profiling "matrix_unrolling_kernel" - 898: 0%....50%....100% - 40 passes
==PROF== Profiling "matrixMultiplyShared" - 899: 0%....50%....100% - 40 passes
==PROF== Profiling "matrix_permute_kernel" - 900: 0%....50%....100% - 40 passes
==PROF== Profiling "matrix_unrolling_kernel" - 901: 0%....50%....100% - 40 passes
==PROF== Profiling "matrixMultiplyShared" - 902: 0%....50%....100% - 40 passes
==PROF== Profiling "matrix_permute_kernel" - 903: 0%....50%....100% - 40 passes
==PROF== Profiling "matrix_unrolling_kernel" - 904: 0%....50%....100% - 40 passes
==PROF== Profiling "matrixMultiplyShared" - 905: 0%....50%....100% - 40 passes
==PROF== Profiling "matrix_permute_kernel" - 906: 0%....50%....100% - 40 passes
==PROF== Profiling "matrix_unrolling_kernel" - 907: 0%....50%....100% - 40 passes
==PROF== Profiling "matrixMultiplyShared" - 908: 0%....50%....100% - 40 passes
==PROF== Profiling "matrix_permute_kernel" - 909: 0%....50%....100% - 40 passes
==PROF== Profiling "matrix_unrolling_kernel" - 910: 0%....50%....100% - 40 passes
==PROF== Profiling "matrixMultiplyShared" - 911: 0%....50%....100% - 40 passes
==PROF== Profiling "matrix_permute_kernel" - 912: 0%....50%....100% - 40 passes
==PROF== Profiling "matrix_unrolling_kernel" - 913: 0%....50%....100% - 40 passes
==PROF== Profiling "matrixMultiplyShared" - 914: 0%....50%....100% - 40 passes
==PROF== Profiling "matrix_permute_kernel" - 915: 0%....50%....100% - 39 passes
==PROF== Profiling "matrix_unrolling_kernel" - 916: 0%....50%....100% - 40 passes
==PROF== Profiling "matrixMultiplyShared" - 917: 0%....50%....100% - 40 passes
==PROF== Profiling "matrix_permute_kernel" - 918: 0%....50%....100% - 40 passes
==PROF== Profiling "matrix_unrolling_kernel" - 919: 0%....50%....100% - 40 passes
==PROF== Profiling "matrixMultiplyShared" - 920: 0%....50%....100% - 40 passes
==PROF== Profiling "matrix_permute_kernel" - 921: 0%....50%....100% - 40 passes
==PROF== Profiling "matrix_unrolling_kernel" - 922: 0%....50%....100% - 40 passes
==PROF== Profiling "matrixMultiplyShared" - 923: 0%....50%....100% - 40 passes
==PROF== Profiling "matrix_permute_kernel" - 924: 0%....50%....100% - 40 passes
==PROF== Profiling "matrix_unrolling_kernel" - 925: 0%....50%....100% - 40 passes
==PROF== Profiling "matrixMultiplyShared" - 926: 0%....50%....100% - 40 passes
==PROF== Profiling "matrix_permute_kernel" - 927: 0%....50%....100% - 40 passes
==PROF== Profiling "matrix_unrolling_kernel" - 928: 0%....50%....100% - 40 passes
==PROF== Profiling "matrixMultiplyShared" - 929: 0%....50%....100% - 40 passes
==PROF== Profiling "matrix_permute_kernel" - 930: 0%....50%....100% - 40 passes
==PROF== Profiling "matrix_unrolling_kernel" - 931: 0%....50%....100% - 40 passes
==PROF== Profiling "matrixMultiplyShared" - 932: 0%....50%....100% - 40 passes
==PROF== Profiling "matrix_permute_kernel" - 933: 0%....50%....100% - 40 passes
==PROF== Profiling "matrix_unrolling_kernel" - 934: 0%....50%....100% - 40 passes
==PROF== Profiling "matrixMultiplyShared" - 935: 0%....50%....100% - 40 passes
==PROF== Profiling "matrix_permute_kernel" - 936: 0%....50%....100% - 40 passes
==PROF== Profiling "matrix_unrolling_kernel" - 937: 0%....50%....100% - 40 passes
==PROF== Profiling "matrixMultiplyShared" - 938: 0%....50%....100% - 40 passes
==PROF== Profiling "matrix_permute_kernel" - 939: 0%....50%....100% - 40 passes
==PROF== Profiling "matrix_unrolling_kernel" - 940: 0%....50%....100% - 40 passes
==PROF== Profiling "matrixMultiplyShared" - 941: 0%....50%....100% - 40 passes
==PROF== Profiling "matrix_permute_kernel" - 942: 0%....50%....100% - 40 passes
==PROF== Profiling "matrix_unrolling_kernel" - 943: 0%....50%....100% - 40 passes
==PROF== Profiling "matrixMultiplyShared" - 944: 0%....50%....100% - 40 passes
==PROF== Profiling "matrix_permute_kernel" - 945: 0%....50%....100% - 40 passes
==PROF== Profiling "matrix_unrolling_kernel" - 946: 0%....50%....100% - 40 passes
==PROF== Profiling "matrixMultiplyShared" - 947: 0%....50%....100% - 40 passes
==PROF== Profiling "matrix_permute_kernel" - 948: 0%....50%....100% - 40 passes
==PROF== Profiling "matrix_unrolling_kernel" - 949: 0%....50%....100% - 40 passes
==PROF== Profiling "matrixMultiplyShared" - 950: 0%....50%....100% - 40 passes
==PROF== Profiling "matrix_permute_kernel" - 951: 0%....50%....100% - 40 passes
==PROF== Profiling "matrix_unrolling_kernel" - 952: 0%....50%....100% - 40 passes
==PROF== Profiling "matrixMultiplyShared" - 953: 0%....50%....100% - 40 passes
==PROF== Profiling "matrix_permute_kernel" - 954: 0%....50%....100% - 40 passes
==PROF== Profiling "matrix_unrolling_kernel" - 955: 0%....50%....100% - 40 passes
==PROF== Profiling "matrixMultiplyShared" - 956: 0%....50%....100% - 40 passes
==PROF== Profiling "matrix_permute_kernel" - 957: 0%....50%....100% - 40 passes
